// Jest Snapshot v1, https://goo.gl/fbAQLP

exports[`Sample block 1`] = `
Array [
  <h1>
    Foo
  </h1>,
  <h2>
    Baz
  </h2>,
  <h3>
    bar
  </h3>,
  <p>
    foo baz bar
  </p>,
  <ul>
    <li>
      a
    </li>
    <li>
      b
    </li>
    <li>
      c
    </li>
  </ul>,
]
`;

exports[`nl2br 1`] = `
<p>
  aaa
bbb
ccc
</p>
`;
