// Jest Snapshot v1, https://goo.gl/fbAQLP

exports[`loadFeed 1`] = `
Array [
  Object {
    "bgColor": "#000",
    "date": 2019-11-06T00:46:53.000Z,
    "dev": "https://dev.to/feed/terrierscript",
    "id": "devto",
    "link": "https://dev.to/terrierscript/create-animating-element-on-css-grid-with-react-hooks-50g9",
    "media": "dev.to",
    "origin": "https://dev.to/feed/terrierscript",
    "proxy": "/feed/devto",
    "title": "Create animating element on CSS Grid with React Hooks ",
  },
  Object {
    "bgColor": "#000",
    "date": 2019-11-03T14:21:17.000Z,
    "dev": "https://dev.to/feed/terrierscript",
    "id": "devto",
    "link": "https://dev.to/terrierscript/suspend-pinch-zoom-on-react-hooks-28pe",
    "media": "dev.to",
    "origin": "https://dev.to/feed/terrierscript",
    "proxy": "/feed/devto",
    "title": "Suspend pinch-zoom on React Hooks",
  },
  Object {
    "api": "https://scrapbox.io/api/pages/terrierscript?limit=1000",
    "bgColor": "#29a972",
    "color": "#fff",
    "date": 2019-10-19T07:19:59.000Z,
    "dev": null,
    "id": "scrapbox",
    "link": "https://scrapbox.io/terrierscript/%E7%B4%B0%E3%81%8B%E3%81%99%E3%81%8E%E3%81%A6%E4%BC%9D%E3%82%8F%E3%82%89%E3%81%AA%E3%81%84CSS%E6%A9%9F%E8%83%BD",
    "media": "Scrapbox",
    "origin": "https://scrapbox.io/api/feed/terrierscript/",
    "proxy": "/feed/scrapbox",
    "title": "細かすぎて伝わらないCSS機能 - terrierscript: 保存済みの下書き - Scrapbox",
  },
  Object {
    "api": "https://scrapbox.io/api/pages/terrierscript?limit=1000",
    "bgColor": "#29a972",
    "color": "#fff",
    "date": 2019-10-13T14:47:17.000Z,
    "dev": null,
    "id": "scrapbox",
    "link": "https://scrapbox.io/terrierscript/React_Hooks_useEffects%E3%83%81%E3%82%A7%E3%83%83%E3%82%AF%E3%83%AA%E3%82%B9%E3%83%88",
    "media": "Scrapbox",
    "origin": "https://scrapbox.io/api/feed/terrierscript/",
    "proxy": "/feed/scrapbox",
    "title": "React Hooks useEffectsチェックリスト - terrierscript: 保存済みの下書き - Scrapbox",
  },
  Object {
    "api": "https://scrapbox.io/api/pages/terrierscript?limit=1000",
    "bgColor": "#29a972",
    "color": "#fff",
    "date": 2019-10-13T14:46:38.000Z,
    "dev": null,
    "id": "scrapbox",
    "link": "https://scrapbox.io/terrierscript/Hooks%E3%82%A2%E3%83%B3%E3%83%81%E3%83%91%E3%82%BF%E3%83%BC%E3%83%B3",
    "media": "Scrapbox",
    "origin": "https://scrapbox.io/api/feed/terrierscript/",
    "proxy": "/feed/scrapbox",
    "title": "Hooksアンチパターン - terrierscript: 保存済みの下書き - Scrapbox",
  },
  Object {
    "api": "https://scrapbox.io/api/pages/terrierscript?limit=1000",
    "bgColor": "#29a972",
    "color": "#fff",
    "date": 2019-10-13T14:04:50.000Z,
    "dev": null,
    "id": "scrapbox",
    "link": "https://scrapbox.io/terrierscript/React_hooks%E3%81%AEdependency%E3%81%AB%E3%81%A4%E3%81%84%E3%81%A6",
    "media": "Scrapbox",
    "origin": "https://scrapbox.io/api/feed/terrierscript/",
    "proxy": "/feed/scrapbox",
    "title": "React hooksのdependencyについて - terrierscript: 保存済みの下書き - Scrapbox",
  },
  Object {
    "api": "https://scrapbox.io/api/pages/terrierscript?limit=1000",
    "bgColor": "#29a972",
    "color": "#fff",
    "date": 2019-10-12T09:16:37.000Z,
    "dev": null,
    "id": "scrapbox",
    "link": "https://scrapbox.io/terrierscript/Hooks_Design_Pattern",
    "media": "Scrapbox",
    "origin": "https://scrapbox.io/api/feed/terrierscript/",
    "proxy": "/feed/scrapbox",
    "title": "Hooks Design Pattern - terrierscript: 保存済みの下書き - Scrapbox",
  },
  Object {
    "api": "https://scrapbox.io/api/pages/terrierscript?limit=1000",
    "bgColor": "#29a972",
    "color": "#fff",
    "date": 2019-10-12T09:15:51.000Z,
    "dev": null,
    "id": "scrapbox",
    "link": "https://scrapbox.io/terrierscript/React_Hooks",
    "media": "Scrapbox",
    "origin": "https://scrapbox.io/api/feed/terrierscript/",
    "proxy": "/feed/scrapbox",
    "title": "React Hooks - terrierscript: 保存済みの下書き - Scrapbox",
  },
  Object {
    "api": "https://scrapbox.io/api/pages/terrierscript?limit=1000",
    "bgColor": "#29a972",
    "color": "#fff",
    "date": 2019-10-05T07:21:09.000Z,
    "dev": null,
    "id": "scrapbox",
    "link": "https://scrapbox.io/terrierscript/%E4%BB%8A%E3%81%93%E3%81%9D%E4%BC%9D%E3%81%88%E3%81%9F%E3%81%84%EF%BC%81@ts-ignore%E3%81%AE%E9%AD%85%E5%8A%9B",
    "media": "Scrapbox",
    "origin": "https://scrapbox.io/api/feed/terrierscript/",
    "proxy": "/feed/scrapbox",
    "title": "今こそ伝えたい！@ts-ignoreの魅力 - terrierscript: 保存済みの下書き - Scrapbox",
  },
  Object {
    "api": "https://scrapbox.io/api/pages/terrierscript?limit=1000",
    "bgColor": "#29a972",
    "color": "#fff",
    "date": 2019-10-04T22:51:15.000Z,
    "dev": null,
    "id": "scrapbox",
    "link": "https://scrapbox.io/terrierscript/%E3%81%95%E3%82%88%E3%81%AA%E3%82%89normalizr",
    "media": "Scrapbox",
    "origin": "https://scrapbox.io/api/feed/terrierscript/",
    "proxy": "/feed/scrapbox",
    "title": "さよならnormalizr - terrierscript: 保存済みの下書き - Scrapbox",
  },
  Object {
    "api": "https://scrapbox.io/api/pages/terrierscript?limit=1000",
    "bgColor": "#29a972",
    "color": "#fff",
    "date": 2019-09-29T12:25:45.000Z,
    "dev": null,
    "id": "scrapbox",
    "link": "https://scrapbox.io/terrierscript/CSS%E7%BD%AA%E3%81%AB%E5%87%A6%E3%81%99",
    "media": "Scrapbox",
    "origin": "https://scrapbox.io/api/feed/terrierscript/",
    "proxy": "/feed/scrapbox",
    "title": "CSS罪に処す - terrierscript: 保存済みの下書き - Scrapbox",
  },
  Object {
    "api": "https://scrapbox.io/api/pages/terrierscript?limit=1000",
    "bgColor": "#29a972",
    "color": "#fff",
    "date": 2019-09-29T12:20:42.000Z,
    "dev": null,
    "id": "scrapbox",
    "link": "https://scrapbox.io/terrierscript/%5Barchived%5DJSON%E8%89%B2%E4%BB%98%E3%81%91%E3%81%AB%E6%80%9D%E3%81%86%E3%83%95%E3%83%AD%E3%83%B3%E3%83%88%E3%82%A8%E3%83%B3%E3%83%89%E3%81%AE%E3%81%93%E3%81%A8(2019%E5%B9%B4%E7%A7%8B%E7%89%88%EF%BC%89",
    "media": "Scrapbox",
    "origin": "https://scrapbox.io/api/feed/terrierscript/",
    "proxy": "/feed/scrapbox",
    "title": "[archived]JSON色付けに思うフロントエンドのこと(2019年秋版） - terrierscript: 保存済みの下書き - Scrapbox",
  },
  Object {
    "bgColor": "#2cb696",
    "color": "#fff",
    "date": 2019-09-29T04:11:14.000Z,
    "dev": "https://note.mu/terrierscript/rss",
    "id": "note",
    "link": "https://note.mu/terrierscript/n/n263331addd7d",
    "media": "note",
    "origin": "https://note.mu/terrierscript/rss",
    "proxy": "/feed/note",
    "title": "フロントエンドエンジニアというものについて余計なことを考える（2019秋版）",
  },
  Object {
    "bgColor": "#000",
    "color": "#fff",
    "date": 2019-09-29T04:11:14.000Z,
    "dev": null,
    "id": "media",
    "link": "https://medium.com/@terrierscript/%E3%83%95%E3%83%AD%E3%83%B3%E3%83%88%E3%82%A8%E3%83%B3%E3%83%89%E3%82%A8%E3%83%B3%E3%82%B8%E3%83%8B%E3%82%A2%E3%81%A8%E3%81%84%E3%81%86%E3%82%82%E3%81%AE%E3%81%AB%E3%81%A4%E3%81%84%E3%81%A6%E4%BD%99%E8%A8%88%E3%81%AA%E3%81%93%E3%81%A8%E3%82%92%E8%80%83%E3%81%88%E3%82%8B-2019%E7%A7%8B%E7%89%88-f2912d417090?source=rss-7a7dd929d645------2",
    "media": "Medium",
    "origin": "https://medium.com/feed/@terrierscript",
    "proxy": "/feed/medium",
    "title": "フロントエンドエンジニアというものについて余計なことを考える（2019秋版）",
  },
  Object {
    "api": "https://scrapbox.io/api/pages/terrierscript?limit=1000",
    "bgColor": "#29a972",
    "color": "#fff",
    "date": 2019-09-25T00:58:48.000Z,
    "dev": null,
    "id": "scrapbox",
    "link": "https://scrapbox.io/terrierscript/Rust%E3%81%AE%E4%B8%A6%E5%88%97%E6%80%A7%E3%81%8C%E3%82%8F%E3%81%8B%E3%82%89%E3%82%93",
    "media": "Scrapbox",
    "origin": "https://scrapbox.io/api/feed/terrierscript/",
    "proxy": "/feed/scrapbox",
    "title": "Rustの並列性がわからん - terrierscript: 保存済みの下書き - Scrapbox",
  },
  Object {
    "api": "https://scrapbox.io/api/pages/terrierscript?limit=1000",
    "bgColor": "#29a972",
    "color": "#fff",
    "date": 2019-09-16T10:45:55.000Z,
    "dev": null,
    "id": "scrapbox",
    "link": "https://scrapbox.io/terrierscript/Rust%E3%82%8F%E3%81%8B%E3%82%89%E3%82%93_(raspberry_pi_corss_compile%E7%B7%A8)",
    "media": "Scrapbox",
    "origin": "https://scrapbox.io/api/feed/terrierscript/",
    "proxy": "/feed/scrapbox",
    "title": "Rustわからん (raspberry pi corss compile編) - terrierscript: 保存済みの下書き - Scrapbox",
  },
  Object {
    "api": "https://scrapbox.io/api/pages/terrierscript?limit=1000",
    "bgColor": "#29a972",
    "color": "#fff",
    "date": 2019-09-16T02:26:17.000Z,
    "dev": null,
    "id": "scrapbox",
    "link": "https://scrapbox.io/terrierscript/Rust%E3%81%95%E3%81%A3%E3%81%B1%E3%82%8A%E3%82%8F%E3%81%8B%E3%82%89%E3%82%93",
    "media": "Scrapbox",
    "origin": "https://scrapbox.io/api/feed/terrierscript/",
    "proxy": "/feed/scrapbox",
    "title": "Rustさっぱりわからん - terrierscript: 保存済みの下書き - Scrapbox",
  },
  Object {
    "api": "https://scrapbox.io/api/pages/terrierscript?limit=1000",
    "bgColor": "#29a972",
    "color": "#fff",
    "date": 2019-09-09T13:11:45.000Z,
    "dev": null,
    "id": "scrapbox",
    "link": "https://scrapbox.io/terrierscript/WASM%E3%81%95%E3%81%A3%E3%81%B1%E3%82%8A%E3%82%8F%E3%81%8B%E3%82%89%E3%82%93",
    "media": "Scrapbox",
    "origin": "https://scrapbox.io/api/feed/terrierscript/",
    "proxy": "/feed/scrapbox",
    "title": "WASMさっぱりわからん - terrierscript: 保存済みの下書き - Scrapbox",
  },
  Object {
    "api": "https://scrapbox.io/api/pages/terrierscript?limit=1000",
    "bgColor": "#29a972",
    "color": "#fff",
    "date": 2019-08-22T13:48:38.000Z,
    "dev": null,
    "id": "scrapbox",
    "link": "https://scrapbox.io/terrierscript/React%E3%81%A7TypeScript%E4%BD%BF%E3%81%86%E3%81%A8%E3%81%8D%E3%81%ABProps%E3%82%84State%E3%81%A3%E3%81%A6interface%E3%82%88%E3%82%8AType_Alias%E3%81%AE%E6%96%B9%E3%82%88%E3%81%84%E3%81%AE%E3%81%A7%E3%81%AF%E8%AA%AC",
    "media": "Scrapbox",
    "origin": "https://scrapbox.io/api/feed/terrierscript/",
    "proxy": "/feed/scrapbox",
    "title": "ReactでTypeScript使うときにPropsやStateってinterfaceよりType Aliasの方よいのでは説 - terrierscript: 保存済みの下書き - Scrapbox",
  },
  Object {
    "api": "https://scrapbox.io/api/pages/terrierscript?limit=1000",
    "bgColor": "#29a972",
    "color": "#fff",
    "date": 2019-08-18T12:15:53.000Z,
    "dev": null,
    "id": "scrapbox",
    "link": "https://scrapbox.io/terrierscript/Hooks%E6%99%82%E4%BB%A3%E3%81%AERedux%E3%81%AB%E3%81%A4%E3%81%84%E3%81%A6%E3%81%AE%E6%84%9F%E6%83%B3%E4%B8%8B%E6%9B%B8%E3%81%8D",
    "media": "Scrapbox",
    "origin": "https://scrapbox.io/api/feed/terrierscript/",
    "proxy": "/feed/scrapbox",
    "title": "Hooks時代のReduxについての感想下書き - terrierscript: 保存済みの下書き - Scrapbox",
  },
  Object {
    "bgColor": "#55c500",
    "date": 2019-08-11T13:21:21.000Z,
    "dev": null,
    "id": "qiita",
    "link": "https://qiita.com/terrierscript/items/8548497653e4168a3d02",
    "media": "Qiita",
    "origin": "https://qiita.com/terrierscript/feed.atom",
    "proxy": "/feed/qiita",
    "title": "Firebase Functions + TypeScriptをparcelで事前ビルドしてやりすごす",
  },
  Object {
    "api": "https://scrapbox.io/api/pages/terrierscript?limit=1000",
    "bgColor": "#29a972",
    "color": "#fff",
    "date": 2019-07-15T11:45:48.000Z,
    "dev": null,
    "id": "scrapbox",
    "link": "https://scrapbox.io/terrierscript/%E5%88%83%E7%89%99%E3%81%AB%E5%AD%A6%E3%81%B6%E3%82%A8%E3%83%B3%E3%82%B8%E3%83%8B%E3%82%A2%E3%83%AA%E3%83%B3%E3%82%B0",
    "media": "Scrapbox",
    "origin": "https://scrapbox.io/api/feed/terrierscript/",
    "proxy": "/feed/scrapbox",
    "title": "刃牙に学ぶエンジニアリング - terrierscript: 保存済みの下書き - Scrapbox",
  },
  Object {
    "api": "https://scrapbox.io/api/pages/terrierscript?limit=1000",
    "bgColor": "#29a972",
    "color": "#fff",
    "date": 2019-07-10T09:04:03.000Z,
    "dev": null,
    "id": "scrapbox",
    "link": "https://scrapbox.io/terrierscript/React",
    "media": "Scrapbox",
    "origin": "https://scrapbox.io/api/feed/terrierscript/",
    "proxy": "/feed/scrapbox",
    "title": "React - terrierscript: 保存済みの下書き - Scrapbox",
  },
  Object {
    "api": "https://scrapbox.io/api/pages/terrierscript?limit=1000",
    "bgColor": "#29a972",
    "color": "#fff",
    "date": 2019-07-10T09:03:58.000Z,
    "dev": null,
    "id": "scrapbox",
    "link": "https://scrapbox.io/terrierscript/TypeScript",
    "media": "Scrapbox",
    "origin": "https://scrapbox.io/api/feed/terrierscript/",
    "proxy": "/feed/scrapbox",
    "title": "TypeScript - terrierscript: 保存済みの下書き - Scrapbox",
  },
  Object {
    "bgColor": "#000",
    "date": 2019-06-23T12:02:39.000Z,
    "dev": "https://dev.to/feed/terrierscript",
    "id": "devto",
    "link": "https://dev.to/terrierscript/example-for-auth0-and-react-hooks-41e4",
    "media": "dev.to",
    "origin": "https://dev.to/feed/terrierscript",
    "proxy": "/feed/devto",
    "title": "Rewrite Auth0 Example with React Hooks",
  },
  Object {
    "bgColor": "#2cb696",
    "color": "#fff",
    "date": 2019-05-05T14:02:55.000Z,
    "dev": "https://note.mu/terrierscript/rss",
    "id": "note",
    "link": "https://note.mu/terrierscript/n/nd6e54c0fdd48",
    "media": "note",
    "origin": "https://note.mu/terrierscript/rss",
    "proxy": "/feed/note",
    "title": "英語字幕とテキスト読み上げ機能を使うと少しだけ英語が捗った話",
  },
  Object {
    "bgColor": "#55c500",
    "date": 2019-04-19T10:06:28.000Z,
    "dev": null,
    "id": "qiita",
    "link": "https://qiita.com/terrierscript/items/21fe12b9b6220a04b48d",
    "media": "Qiita",
    "origin": "https://qiita.com/terrierscript/feed.atom",
    "proxy": "/feed/qiita",
    "title": "TestCoroutineContextを使ってdelayやtimeoutの絡むCoroutineのテストをする",
  },
  Object {
    "bgColor": "#55c500",
    "date": 2019-02-26T12:20:18.000Z,
    "dev": null,
    "id": "qiita",
    "link": "https://qiita.com/terrierscript/items/ea8eb6d48248165eb767",
    "media": "Qiita",
    "origin": "https://qiita.com/terrierscript/feed.atom",
    "proxy": "/feed/qiita",
    "title": "styled-componentとreact-transition-groupでお手軽にtransitionやanimationをかける",
  },
  Object {
    "bgColor": "#000",
    "date": 2019-02-26T12:00:25.000Z,
    "dev": "https://dev.to/feed/terrierscript",
    "id": "devto",
    "link": "https://dev.to/terrierscript/styled-component--react-transition-group--very-simple-transition-jja",
    "media": "dev.to",
    "origin": "https://dev.to/feed/terrierscript",
    "proxy": "/feed/devto",
    "title": "styled-component + react-transition-group = very simple Transition",
  },
  Object {
    "bgColor": "#55c500",
    "date": 2019-02-10T23:47:36.000Z,
    "dev": null,
    "id": "qiita",
    "link": "https://qiita.com/terrierscript/items/cebc4a5185c65547715c",
    "media": "Qiita",
    "origin": "https://qiita.com/terrierscript/feed.atom",
    "proxy": "/feed/qiita",
    "title": "更にReact Hooksだけでライブラリ使わずにgoogle mapを利用する(応用編)",
  },
  Object {
    "bgColor": "#55c500",
    "date": 2019-02-10T10:05:51.000Z,
    "dev": null,
    "id": "qiita",
    "link": "https://qiita.com/terrierscript/items/4a50ff418a7d425f775d",
    "media": "Qiita",
    "origin": "https://qiita.com/terrierscript/feed.atom",
    "proxy": "/feed/qiita",
    "title": "React Hooksだけでライブラリ使わずにgoogle mapを利用する(基礎編)",
  },
  Object {
    "bgColor": "#000",
    "color": "#fff",
    "date": 2019-02-07T04:55:09.000Z,
    "dev": null,
    "id": "media",
    "link": "https://medium.com/@terrierscript/functional-children%E6%8B%97%E3%82%89%E3%81%9B%E3%81%A6%E3%81%9F%E3%83%88%E3%82%A4%E3%83%97%E3%83%AD%E3%83%80%E3%82%AF%E3%83%88%E3%82%92react-hooks%E3%81%A8context%E4%BD%BF%E3%81%A3%E3%81%A6%E6%9B%B8%E3%81%8D%E6%8F%9B%E3%81%88%E3%81%9F%E6%84%9F%E6%83%B3-7ef7ae7ca3fc?source=rss-7a7dd929d645------2",
    "media": "Medium",
    "origin": "https://medium.com/feed/@terrierscript",
    "proxy": "/feed/medium",
    "title": "Functional Children拗らせてたトイプロダクトをReact hooksとContext使って書き換えた感想",
  },
  Object {
    "bgColor": "#55c500",
    "date": 2019-02-06T08:27:21.000Z,
    "dev": null,
    "id": "qiita",
    "link": "https://qiita.com/terrierscript/items/6a8acbc7d1ce6521f879",
    "media": "Qiita",
    "origin": "https://qiita.com/terrierscript/feed.atom",
    "proxy": "/feed/qiita",
    "title": "react-hooksのuseStateでfunctionを管理させたい場合のTips",
  },
  Object {
    "bgColor": "#55c500",
    "date": 2019-02-05T12:13:42.000Z,
    "dev": null,
    "id": "qiita",
    "link": "https://qiita.com/terrierscript/items/51c52af61c9e6b05dd3b",
    "media": "Qiita",
    "origin": "https://qiita.com/terrierscript/feed.atom",
    "proxy": "/feed/qiita",
    "title": "rxjs-hooksで楽しむReact HooksとRxJS",
  },
  Object {
    "api": "https://scrapbox.io/api/pages/terrierscript?limit=1000",
    "bgColor": "#29a972",
    "color": "#fff",
    "date": 2019-01-30T10:50:55.000Z,
    "dev": null,
    "id": "scrapbox",
    "link": "https://scrapbox.io/terrierscript/Backstop%E8%A6%9A%E3%81%88%E6%9B%B8%E3%81%8D",
    "media": "Scrapbox",
    "origin": "https://scrapbox.io/api/feed/terrierscript/",
    "proxy": "/feed/scrapbox",
    "title": "Backstop覚え書き - terrierscript: 保存済みの下書き - Scrapbox",
  },
  Object {
    "bgColor": "#55c500",
    "date": 2019-01-22T10:20:10.000Z,
    "dev": null,
    "id": "qiita",
    "link": "https://qiita.com/terrierscript/items/e3452704af812fa14fc0",
    "media": "Qiita",
    "origin": "https://qiita.com/terrierscript/feed.atom",
    "proxy": "/feed/qiita",
    "title": "parcelだけでAWS Lambda向けのTypeScriptをビルドする",
  },
  Object {
    "bgColor": "#000",
    "date": 2019-01-22T09:52:37.000Z,
    "dev": "https://dev.to/feed/terrierscript",
    "id": "devto",
    "link": "https://dev.to/terrierscript/build-aws-lambda-function-with-typescript-only-use-parcel-bundler-426a",
    "media": "dev.to",
    "origin": "https://dev.to/feed/terrierscript",
    "proxy": "/feed/devto",
    "title": "Build AWS Lambda function with typescript only use parcel-bundler",
  },
  Object {
    "bgColor": "#2cb696",
    "color": "#fff",
    "date": 2018-12-16T08:58:19.000Z,
    "dev": "https://note.mu/terrierscript/rss",
    "id": "note",
    "link": "https://note.mu/terrierscript/n/n409aeb040310",
    "media": "note",
    "origin": "https://note.mu/terrierscript/rss",
    "proxy": "/feed/note",
    "title": "CSSを書くエンジニアがなるほどデザインを読むとCSSに対して意識が変わるかもしれないという話",
  },
  Object {
    "bgColor": "#000",
    "color": "#fff",
    "date": 2018-12-16T02:48:11.000Z,
    "dev": null,
    "id": "media",
    "link": "https://medium.com/@terrierscript/%E3%82%A8%E3%83%B3%E3%82%B8%E3%83%8B%E3%82%A2%E3%81%8C%E3%81%AA%E3%82%8B%E3%81%BB%E3%81%A9%E3%83%87%E3%82%B6%E3%82%A4%E3%83%B3%E3%82%92%E8%AA%AD%E3%82%80%E3%81%A8css%E3%81%AB%E5%AF%BE%E3%81%97%E3%81%A6%E6%84%8F%E8%AD%98%E3%81%8C%E5%A4%89%E3%82%8F%E3%82%8B%E3%81%8B%E3%82%82%E3%81%97%E3%82%8C%E3%81%AA%E3%81%84%E3%81%A8%E3%81%84%E3%81%86%E8%A9%B1-4834897ed07f?source=rss-7a7dd929d645------2",
    "media": "Medium",
    "origin": "https://medium.com/feed/@terrierscript",
    "proxy": "/feed/medium",
    "title": "エンジニアがなるほどデザインを読むとCSSに対して意識が変わるかもしれないという話",
  },
  Object {
    "bgColor": "#000",
    "color": "#fff",
    "date": 2018-12-09T22:01:00.000Z,
    "dev": null,
    "id": "media",
    "link": "https://medium.com/@terrierscript/%E7%8A%AC%E3%82%B0%E3%83%83%E3%82%BA%E3%81%AB%E3%81%8A%E3%81%91%E3%82%8B%E8%B2%B7%E3%81%A3%E3%81%A6%E3%82%88%E3%81%8B%E3%81%A3%E3%81%9F%E3%82%82%E3%81%AE%E9%9B%86-eae544f69080?source=rss-7a7dd929d645------2",
    "media": "Medium",
    "origin": "https://medium.com/feed/@terrierscript",
    "proxy": "/feed/medium",
    "title": "犬グッズにおける買ってよかったもの集",
  },
  Object {
    "bgColor": "#000",
    "date": 2018-10-30T05:56:24.000Z,
    "dev": "https://dev.to/feed/terrierscript",
    "id": "devto",
    "link": "https://dev.to/terrierscript/emulate-redux-with-react-hooks-34e8",
    "media": "dev.to",
    "origin": "https://dev.to/feed/terrierscript",
    "proxy": "/feed/devto",
    "title": "Emulate Redux with React hooks",
  },
  Object {
    "bgColor": "#55c500",
    "date": 2018-10-30T05:33:08.000Z,
    "dev": null,
    "id": "qiita",
    "link": "https://qiita.com/terrierscript/items/1516e946dfe91397c229",
    "media": "Qiita",
    "origin": "https://qiita.com/terrierscript/feed.atom",
    "proxy": "/feed/qiita",
    "title": "React Hooksでredux / react-reduxでやってたことを色々やってみる",
  },
  Object {
    "api": "https://scrapbox.io/api/pages/terrierscript?limit=1000",
    "bgColor": "#29a972",
    "color": "#fff",
    "date": 2018-10-30T00:47:07.000Z,
    "dev": null,
    "id": "scrapbox",
    "link": "https://scrapbox.io/terrierscript/Suspense%E3%81%A8Hooks%E3%81%AB%E9%96%A2%E3%81%99%E3%82%8B%E8%A6%8B%E3%81%A4%E3%81%91%E3%81%9F%E3%82%82%E3%81%AE%E3%82%92%E3%81%B2%E3%81%9F%E3%81%99%E3%82%89%E4%B8%A6%E3%81%B9%E7%AB%8B%E3%81%A6%E3%82%8B",
    "media": "Scrapbox",
    "origin": "https://scrapbox.io/api/feed/terrierscript/",
    "proxy": "/feed/scrapbox",
    "title": "SuspenseとHooksに関する見つけたものをひたすら並べ立てる - terrierscript: 保存済みの下書き - Scrapbox",
  },
  Object {
    "bgColor": "#55c500",
    "date": 2018-10-16T13:01:53.000Z,
    "dev": null,
    "id": "qiita",
    "link": "https://qiita.com/terrierscript/items/0feecfcb61144e68d7ac",
    "media": "Qiita",
    "origin": "https://qiita.com/terrierscript/feed.atom",
    "proxy": "/feed/qiita",
    "title": "redux-observableで複数のActionを発火する方法をたくさん考える",
  },
  Object {
    "bgColor": "#000",
    "color": "#fff",
    "date": 2018-10-10T01:05:50.000Z,
    "dev": null,
    "id": "media",
    "link": "https://medium.com/@terrierscript/%E5%AD%90%E4%BE%9B%E3%81%8C%E7%94%A3%E3%81%BE%E3%82%8C%E3%81%A6%E3%81%9D%E3%82%8D%E3%81%9D%E3%82%8D%E4%B8%80%E3%83%B6%E6%9C%88%E7%B5%8C%E3%81%A3%E3%81%9F-c85702171c85?source=rss-7a7dd929d645------2",
    "media": "Medium",
    "origin": "https://medium.com/feed/@terrierscript",
    "proxy": "/feed/medium",
    "title": "子供が産まれてそろそろ一ヶ月経った",
  },
  Object {
    "api": "https://scrapbox.io/api/pages/terrierscript?limit=1000",
    "bgColor": "#29a972",
    "color": "#fff",
    "date": 2018-10-08T00:40:09.000Z,
    "dev": null,
    "id": "scrapbox",
    "link": "https://scrapbox.io/terrierscript/redux-observable",
    "media": "Scrapbox",
    "origin": "https://scrapbox.io/api/feed/terrierscript/",
    "proxy": "/feed/scrapbox",
    "title": "redux-observable - terrierscript: 保存済みの下書き - Scrapbox",
  },
  Object {
    "bgColor": "#55c500",
    "date": 2018-10-07T09:53:53.000Z,
    "dev": null,
    "id": "qiita",
    "link": "https://qiita.com/terrierscript/items/776d0689b8ca76503905",
    "media": "Qiita",
    "origin": "https://qiita.com/terrierscript/feed.atom",
    "proxy": "/feed/qiita",
    "title": "recomposeとRxJSでpropsをstream化する方法",
  },
  Object {
    "bgColor": "#000",
    "color": "#fff",
    "date": 2018-10-04T16:54:01.000Z,
    "dev": null,
    "id": "media",
    "link": "https://medium.com/@terrierscript/hsp-programmer-78f21ac3e9c0?source=rss-7a7dd929d645------2",
    "media": "Medium",
    "origin": "https://medium.com/feed/@terrierscript",
    "proxy": "/feed/medium",
    "title": "Highly Sensitive Personとプログラマー",
  },
  Object {
    "bgColor": "#000",
    "date": 2018-10-02T23:55:41.000Z,
    "dev": "https://dev.to/feed/terrierscript",
    "id": "devto",
    "link": "https://dev.to/terrierscript/use-custom-pipeable-operator-on-redux-observable-1m26",
    "media": "dev.to",
    "origin": "https://dev.to/feed/terrierscript",
    "proxy": "/feed/devto",
    "title": "Use custom pipeable operator on redux-observable",
  },
  Object {
    "bgColor": "#55c500",
    "date": 2018-10-02T23:42:32.000Z,
    "dev": null,
    "id": "qiita",
    "link": "https://qiita.com/terrierscript/items/3498568903f0e81e8319",
    "media": "Qiita",
    "origin": "https://qiita.com/terrierscript/feed.atom",
    "proxy": "/feed/qiita",
    "title": "RxJS6のカスタムオペレータを作るのが簡単なので、redux-observableで利用する",
  },
  Object {
    "api": "https://scrapbox.io/api/pages/terrierscript?limit=1000",
    "bgColor": "#29a972",
    "color": "#fff",
    "date": 2018-09-30T10:09:45.000Z,
    "dev": null,
    "id": "scrapbox",
    "link": "https://scrapbox.io/terrierscript/Popmotion",
    "media": "Scrapbox",
    "origin": "https://scrapbox.io/api/feed/terrierscript/",
    "proxy": "/feed/scrapbox",
    "title": "Popmotion - terrierscript: 保存済みの下書き - Scrapbox",
  },
  Object {
    "api": "https://scrapbox.io/api/pages/terrierscript?limit=1000",
    "bgColor": "#29a972",
    "color": "#fff",
    "date": 2018-09-28T23:10:05.000Z,
    "dev": null,
    "id": "scrapbox",
    "link": "https://scrapbox.io/terrierscript/npm%E3%81%A7%E6%97%A7%E3%82%A2%E3%82%AB%E3%82%A6%E3%83%B3%E3%83%88%E3%81%AE%E3%83%91%E3%83%83%E3%82%B1%E3%83%BC%E3%82%B8%E3%81%AB%E6%96%B0%E3%82%A2%E3%82%AB%E3%82%A6%E3%83%B3%E3%83%88%E3%81%AEowner%E6%A8%A9%E9%99%90%E3%82%92%E4%BB%98%E3%81%91%E3%82%8B%E9%9B%91ver",
    "media": "Scrapbox",
    "origin": "https://scrapbox.io/api/feed/terrierscript/",
    "proxy": "/feed/scrapbox",
    "title": "npmで旧アカウントのパッケージに新アカウントのowner権限を付ける雑ver - terrierscript: 保存済みの下書き - Scrapbox",
  },
  Object {
    "bgColor": "#000",
    "date": 2018-09-28T13:27:44.000Z,
    "dev": "https://dev.to/feed/terrierscript",
    "id": "devto",
    "link": "https://dev.to/terrierscript/stop-redux-observable-interval-when-hot-module-reload-1goo",
    "media": "dev.to",
    "origin": "https://dev.to/feed/terrierscript",
    "proxy": "/feed/devto",
    "title": "Dispose redux-observable interval when Hot Module reload",
  },
  Object {
    "bgColor": "#55c500",
    "date": 2018-09-28T13:15:16.000Z,
    "dev": null,
    "id": "qiita",
    "link": "https://qiita.com/terrierscript/items/f888a7b1b3021de24551",
    "media": "Qiita",
    "origin": "https://qiita.com/terrierscript/feed.atom",
    "proxy": "/feed/qiita",
    "title": "redux-observableで作ったintervalのobservableをHot Module Replacementで止まるようにする",
  },
  Object {
    "api": "https://scrapbox.io/api/pages/terrierscript?limit=1000",
    "bgColor": "#29a972",
    "color": "#fff",
    "date": 2018-09-28T10:32:52.000Z,
    "dev": null,
    "id": "scrapbox",
    "link": "https://scrapbox.io/terrierscript/%E3%82%AA%E3%83%AA%E3%83%B3%E3%83%94%E3%83%83%E3%82%AF%E3%83%9C%E3%83%A9%E3%83%B3%E3%83%86%E3%82%A3%E3%82%A2%E3%81%AE%E3%83%95%E3%82%A9%E3%83%BC%E3%83%A0%E3%82%92%E8%A6%97%E3%81%8D%E8%A6%8B%E3%82%8B",
    "media": "Scrapbox",
    "origin": "https://scrapbox.io/api/feed/terrierscript/",
    "proxy": "/feed/scrapbox",
    "title": "オリンピックボランティアのフォームを覗き見る - terrierscript: 保存済みの下書き - Scrapbox",
  },
  Object {
    "bgColor": "#55c500",
    "date": 2018-09-28T10:29:56.000Z,
    "dev": null,
    "id": "qiita",
    "link": "https://qiita.com/terrierscript/items/47b11b8a24438d789210",
    "media": "Qiita",
    "origin": "https://qiita.com/terrierscript/feed.atom",
    "proxy": "/feed/qiita",
    "title": "hyper(hyperterm) 2.0 を日本語対応する",
  },
  Object {
    "api": "https://scrapbox.io/api/pages/terrierscript?limit=1000",
    "bgColor": "#29a972",
    "color": "#fff",
    "date": 2018-09-27T04:48:43.000Z,
    "dev": null,
    "id": "scrapbox",
    "link": "https://scrapbox.io/terrierscript/%E9%80%86%E5%BC%95%E3%81%8DActiveAdmin",
    "media": "Scrapbox",
    "origin": "https://scrapbox.io/api/feed/terrierscript/",
    "proxy": "/feed/scrapbox",
    "title": "逆引きActiveAdmin - terrierscript: 保存済みの下書き - Scrapbox",
  },
  Object {
    "bgColor": "#000",
    "color": "#fff",
    "date": 2018-09-25T10:46:18.000Z,
    "dev": null,
    "id": "media",
    "link": "https://medium.com/@terrierscript/%E4%BC%81%E6%A5%AD%E3%81%AF%E6%8A%80%E8%A1%93%E3%83%96%E3%83%AD%E3%82%B0%E3%81%AE%E4%BB%A3%E3%82%8F%E3%82%8A%E3%81%AB%E6%8A%80%E8%A1%93twitter%E3%82%92%E3%82%84%E3%81%A3%E3%81%9F%E3%82%89%E8%89%AF%E3%81%84%E3%81%AE%E3%81%A7%E3%81%AF%E3%81%A8%E3%81%84%E3%81%86%E4%BB%AE%E8%AA%AC-838508475e76?source=rss-7a7dd929d645------2",
    "media": "Medium",
    "origin": "https://medium.com/feed/@terrierscript",
    "proxy": "/feed/medium",
    "title": "技術ブログに難しさを感じる企業は代わりに技術twitterをやったらどうだろうという仮説",
  },
  Object {
    "api": "https://scrapbox.io/api/pages/terrierscript?limit=1000",
    "bgColor": "#29a972",
    "color": "#fff",
    "date": 2018-09-25T09:17:23.000Z,
    "dev": null,
    "id": "scrapbox",
    "link": "https://scrapbox.io/terrierscript/%E3%82%A8%E3%83%B3%E3%82%B8%E3%83%8B%E3%82%A2%E6%8E%A1%E7%94%A8%E3%81%97%E3%81%9F%E3%81%84%E4%BC%81%E6%A5%AD%E3%81%AF%E6%8A%80%E8%A1%93%E3%83%96%E3%83%AD%E3%82%B0%E3%81%A7%E3%81%AF%E3%81%AA%E3%81%8F%E6%8A%80%E8%A1%93twitter%E3%82%92%E3%82%84%E3%81%A3%E3%81%9F%E3%82%89%E3%81%84%E3%81%84%E3%81%AE%E3%81%A7%E3%81%AF%E8%AA%AC",
    "media": "Scrapbox",
    "origin": "https://scrapbox.io/api/feed/terrierscript/",
    "proxy": "/feed/scrapbox",
    "title": "エンジニア採用したい企業は技術ブログではなく技術twitterをやったらいいのでは説 - terrierscript: 保存済みの下書き - Scrapbox",
  },
  Object {
    "api": "https://scrapbox.io/api/pages/terrierscript?limit=1000",
    "bgColor": "#29a972",
    "color": "#fff",
    "date": 2018-09-22T03:41:07.000Z,
    "dev": null,
    "id": "scrapbox",
    "link": "https://scrapbox.io/terrierscript/React_Component",
    "media": "Scrapbox",
    "origin": "https://scrapbox.io/api/feed/terrierscript/",
    "proxy": "/feed/scrapbox",
    "title": "React Component - terrierscript: 保存済みの下書き - Scrapbox",
  },
  Object {
    "api": "https://scrapbox.io/api/pages/terrierscript?limit=1000",
    "bgColor": "#29a972",
    "color": "#fff",
    "date": 2018-09-22T03:00:54.000Z,
    "dev": null,
    "id": "scrapbox",
    "link": "https://scrapbox.io/terrierscript/Reakit%E3%81%AE%E5%A5%BD%E3%81%8D%E3%81%AA%E3%81%A8%E3%81%93%E3%82%8D",
    "media": "Scrapbox",
    "origin": "https://scrapbox.io/api/feed/terrierscript/",
    "proxy": "/feed/scrapbox",
    "title": "Reakitの好きなところ - terrierscript: 保存済みの下書き - Scrapbox",
  },
  Object {
    "api": "https://scrapbox.io/api/pages/terrierscript?limit=1000",
    "bgColor": "#29a972",
    "color": "#fff",
    "date": 2018-09-22T02:58:25.000Z,
    "dev": null,
    "id": "scrapbox",
    "link": "https://scrapbox.io/terrierscript/LT%E3%81%A7%E3%81%8D%E3%82%8B%E3%83%8D%E3%82%BF",
    "media": "Scrapbox",
    "origin": "https://scrapbox.io/api/feed/terrierscript/",
    "proxy": "/feed/scrapbox",
    "title": "LTできるネタ - terrierscript: 保存済みの下書き - Scrapbox",
  },
  Object {
    "bgColor": "#000",
    "color": "#fff",
    "date": 2018-09-20T22:01:01.000Z,
    "dev": null,
    "id": "media",
    "link": "https://medium.com/@terrierscript/meguro-css-styled-component-css-grid-d8ce0264a89e?source=rss-7a7dd929d645------2",
    "media": "Medium",
    "origin": "https://medium.com/feed/@terrierscript",
    "proxy": "/feed/medium",
    "title": "meguro.css#3 でstyled-components + CSS Gridに感じる無限の可能性についての話をしました",
  },
  Object {
    "bgColor": "#55c500",
    "date": 2018-08-19T02:53:28.000Z,
    "dev": null,
    "id": "qiita",
    "link": "https://qiita.com/terrierscript/items/5f68eb618a2873760f3d",
    "media": "Qiita",
    "origin": "https://qiita.com/terrierscript/feed.atom",
    "proxy": "/feed/qiita",
    "title": "styled-componentsでいい感じにresponsive用のmedia queryを扱いたいときのちょっとしたHoCs",
  },
  Object {
    "bgColor": "#55c500",
    "date": 2018-08-06T11:58:37.000Z,
    "dev": null,
    "id": "qiita",
    "link": "https://qiita.com/terrierscript/items/029f5597322f50d441e5",
    "media": "Qiita",
    "origin": "https://qiita.com/terrierscript/feed.atom",
    "proxy": "/feed/qiita",
    "title": "styled-componentsとhue-rotateで1枚の画像を怠惰にカラフルにする",
  },
  Object {
    "bgColor": "#55c500",
    "date": 2018-08-03T01:16:10.000Z,
    "dev": null,
    "id": "qiita",
    "link": "https://qiita.com/terrierscript/items/b9687f610a96ab964ab2",
    "media": "Qiita",
    "origin": "https://qiita.com/terrierscript/feed.atom",
    "proxy": "/feed/qiita",
    "title": "TypeScript 3.0でredux-actionsのcreateActionみたいなものをつくる",
  },
  Object {
    "bgColor": "#55c500",
    "date": 2018-07-28T14:48:55.000Z,
    "dev": null,
    "id": "qiita",
    "link": "https://qiita.com/terrierscript/items/b3f9dd95a4c7afe0b102",
    "media": "Qiita",
    "origin": "https://qiita.com/terrierscript/feed.atom",
    "proxy": "/feed/qiita",
    "title": "TypeScript + Reduxはもうぼちぼちサードライブラリに頼らなくてもある程度はいい感じに補完してくれる",
  },
  Object {
    "bgColor": "#000",
    "color": "#fff",
    "date": 2018-07-28T00:58:39.000Z,
    "dev": null,
    "id": "media",
    "link": "https://medium.com/@terrierscript/dart-sass-de-asobou-9def3bbd8e28?source=rss-7a7dd929d645------2",
    "media": "Medium",
    "origin": "https://medium.com/feed/@terrierscript",
    "proxy": "/feed/medium",
    "title": "Meguro.css#2でDart Sassをブラウザで動かす話をしてきた",
  },
  Object {
    "bgColor": "#55c500",
    "date": 2018-07-25T14:32:52.000Z,
    "dev": null,
    "id": "qiita",
    "link": "https://qiita.com/terrierscript/items/5417879f84f7f2be10c1",
    "media": "Qiita",
    "origin": "https://qiita.com/terrierscript/feed.atom",
    "proxy": "/feed/qiita",
    "title": "next.jsをGoogle App Engineで動かす。ついでにTypeScriptで動かす",
  },
  Object {
    "bgColor": "#55c500",
    "date": 2018-07-16T21:58:05.000Z,
    "dev": null,
    "id": "qiita",
    "link": "https://qiita.com/terrierscript/items/80dede32cc7935193b70",
    "media": "Qiita",
    "origin": "https://qiita.com/terrierscript/feed.atom",
    "proxy": "/feed/qiita",
    "title": "CircleCI 2.0でのスローテスト（テスト遅い）問題対処法を思いつくだけ書き出す",
  },
  Object {
    "bgColor": "#000",
    "color": "#fff",
    "date": 2018-07-14T12:50:15.000Z,
    "dev": null,
    "id": "media",
    "link": "https://medium.com/@terrierscript/parcel-config-6f942da4d199?source=rss-7a7dd929d645------2",
    "media": "Medium",
    "origin": "https://medium.com/feed/@terrierscript",
    "proxy": "/feed/medium",
    "title": "Parcelを使ったらその魅力は「Configを書かなくても良い」ではなく「Configを書かせない」なのだと気づいた",
  },
  Object {
    "bgColor": "#000",
    "date": 2018-06-18T12:13:38.000Z,
    "dev": "https://dev.to/feed/terrierscript",
    "id": "devto",
    "link": "https://dev.to/terrierscript/how-to-replace-mixin-to-slot-in-vuejs-2l12",
    "media": "dev.to",
    "origin": "https://dev.to/feed/terrierscript",
    "proxy": "/feed/devto",
    "title": "How to replace mixin to slot in Vue.js",
  },
  Object {
    "bgColor": "#2cb696",
    "color": "#fff",
    "date": 2018-05-20T15:12:49.000Z,
    "dev": "https://note.mu/terrierscript/rss",
    "id": "note",
    "link": "https://note.mu/terrierscript/n/n86b5bc71df7b",
    "media": "note",
    "origin": "https://note.mu/terrierscript/rss",
    "proxy": "/feed/note",
    "title": "VueとReact比較した話：余談",
  },
  Object {
    "bgColor": "#000",
    "date": 2018-04-07T05:25:17.000Z,
    "dev": "https://dev.to/feed/terrierscript",
    "id": "devto",
    "link": "https://dev.to/terrierscript/how-do-you-think-about-javascript-framework-or-library-scaling-343d",
    "media": "dev.to",
    "origin": "https://dev.to/feed/terrierscript",
    "proxy": "/feed/devto",
    "title": "How do you think about javascript framework (or library) scaling?",
  },
  Object {
    "bgColor": "#000",
    "date": 2018-03-30T15:52:34.000Z,
    "dev": "https://dev.to/feed/terrierscript",
    "id": "devto",
    "link": "https://dev.to/terrierscript/loadable-component-is-awesome-library-for-react-code-splitting--dynamic-import-49i4",
    "media": "dev.to",
    "origin": "https://dev.to/feed/terrierscript",
    "proxy": "/feed/devto",
    "title": "loadable-component is awesome library for React code-splitting / dynamic-import",
  },
  Object {
    "bgColor": "#000",
    "date": 2018-03-26T11:23:43.000Z,
    "dev": "https://dev.to/feed/terrierscript",
    "id": "devto",
    "link": "https://dev.to/terrierscript/til-reduce-breakpoints-in-bootstrap4-3pj0",
    "media": "dev.to",
    "origin": "https://dev.to/feed/terrierscript",
    "proxy": "/feed/devto",
    "title": "TIL: Reduce breakpoints in Bootstrap4",
  },
]
`;

exports[`parseScrapboxApi 1`] = `
Array [
  Object {
    "date": 2018-07-25T03:14:14.000Z,
    "link": "https://scrapbox.io/terrierscript/Serverless",
    "title": "Serverless",
  },
  Object {
    "date": 2018-07-26T17:12:33.000Z,
    "link": "https://scrapbox.io/terrierscript/React",
    "title": "React",
  },
  Object {
    "date": 2018-07-26T17:12:53.000Z,
    "link": "https://scrapbox.io/terrierscript/TypeScript",
    "title": "TypeScript",
  },
  Object {
    "date": 2019-10-19T07:02:25.000Z,
    "link": "https://scrapbox.io/terrierscript/%E7%B4%B0%E3%81%8B%E3%81%99%E3%81%8E%E3%81%A6%E4%BC%9D%E3%82%8F%E3%82%89%E3%81%AA%E3%81%84CSS%E6%A9%9F%E8%83%BD",
    "title": "細かすぎて伝わらないCSS機能",
  },
  Object {
    "date": 2019-10-13T14:38:45.000Z,
    "link": "https://scrapbox.io/terrierscript/React%20Hooks%20useEffects%E3%83%81%E3%82%A7%E3%83%83%E3%82%AF%E3%83%AA%E3%82%B9%E3%83%88",
    "title": "React Hooks useEffectsチェックリスト",
  },
]
`;
